core_cm4.h:1688:22:__NVIC_EnableIRQ	16	static
tftlcdlib.h:190:13:RCC_GPIO_CLK_enable	4	static
main.c:19:6:SystemCoreClockSetHSI	4	static,ignoring_inline_asm
main.c:53:6:TIM_Init	8	static
main.c:69:6:TIM2_IRQHandler	4	static
main.c:75:6:LCD_Write_Number_dec	48	static
main.c:88:6:LCD_Write_Number_hex	48	static
main.c:108:6:LCD_Write_String	48	static
main.c:115:6:delay	24	static
main.c:124:8:get_hour_degree	48	static
main.c:146:8:get_min_degree	40	static
main.c:168:6:get_day	32	static
main.c:174:10:get_min	24	static
main.c:182:10:get_max	24	static
main.c:190:11:get_mean_values	40	static
main.c:203:10:get_graph_value	32	static
main.c:209:6:draw_covid_cases	120	static
main.c:265:5:main	8	static
