tftlcdlib.h:190:13:RCC_GPIO_CLK_enable	4	static
tftlcdlib.c:3:6:GPIO_Init	8	static
tftlcdlib.c:22:6:LCD_GPIOSetIN	4	static
tftlcdlib.c:31:6:LCD_GPIOSetOUT	4	static
tftlcdlib.c:44:6:ADC_Init	4	static
tftlcdlib.c:61:6:DrawMode	4	static
tftlcdlib.c:84:6:TouchMode	8	static
tftlcdlib.c:100:6:GPIO_ADCx	4	static
tftlcdlib.c:117:6:GPIO_ADCy	4	static
tftlcdlib.c:134:6:GPIO_ADCpress	4	static
tftlcdlib.c:148:10:TouchArea	16	static
tftlcdlib.c:162:6:LCD_GetPoint	24	static
tftlcdlib.c:176:10:ReadPressure	16	static
tftlcdlib.c:197:10:ReadADC	24	static
tftlcdlib.c:237:10:ADC_Value	16	static
tftlcdlib.c:248:10:LCD_ReadFrameMemory	24	static
tftlcdlib.c:280:9:Read_8b	16	static
tftlcdlib.c:298:6:ReadContinuousData	24	static
tftlcdlib.c:317:10:Read_Data16b	24	static
tftlcdlib.c:341:10:LCD_ReadID	16	static
tftlcdlib.c:349:6:LCD_DrawPixel	16	static
tftlcdlib.c:370:6:LCD_SetAddressWindow	32	static
tftlcdlib.c:393:6:FastWrite	24	static
tftlcdlib.c:422:6:LCD_DisplayFill	24	static
tftlcdlib.c:438:6:LCD_FilledRectangle	32	static
tftlcdlib.c:456:6:LCD_Rectangle	32	static
tftlcdlib.c:486:6:LCD_FilledCircle	32	static
tftlcdlib.c:521:6:LCD_Circle	32	static
tftlcdlib.c:562:6:LCD_Ellipse	48	static
tftlcdlib.c:609:6:LCD_FilledEllipse	48	static
tftlcdlib.c:652:6:LCD_HorizontalLine	32	static
tftlcdlib.c:670:6:LCD_VerticalLine	32	static
tftlcdlib.c:687:6:LCD_Line	48	static
tftlcdlib.c:710:6:ClearChar	24	static
tftlcdlib.c:723:6:LCD_WriteChar	40	static
tftlcdlib.c:752:10:RGB	32	static
tftlcdlib.c:761:6:ConfirmEntry	4	static
tftlcdlib.c:769:6:DisplayReset	16	static
tftlcdlib.c:794:6:LCD_WriteData8b	16	static
tftlcdlib.c:812:6:LCD_WriteCommand8b	16	static
tftlcdlib.c:821:6:LCD_Wait	24	static
tftlcdlib.c:829:6:LCD_Init	16	static
